supabaseClient.ts(3,21): error TS1343: The 'import.meta' meta-property is only allowed when the '--module' option is 'es2020', 'es2022', 'esnext', 'system', 'node16', 'node18', or 'nodenext'.
supabaseClient.ts(3,33): error TS2339: Property 'env' does not exist on type 'ImportMeta'.
supabaseClient.ts(4,25): error TS1343: The 'import.meta' meta-property is only allowed when the '--module' option is 'es2020', 'es2022', 'esnext', 'system', 'node16', 'node18', or 'nodenext'.
supabaseClient.ts(4,37): error TS2339: Property 'env' does not exist on type 'ImportMeta'.
